+ pnpm exec tsx bin/smoke/ready-card.smoke.ts   (baseline)

ready-card — the manager row an operator actually reads

  ✓ HERMETIC-precondition: the scratch HOME is EMPTY before any run (a pre-created witness proves nothing)
    alive| ? manager cannot establish: a local process is present but no manager instance is recorded for this root, so no health read was attempted — whether it is serving is unknown and unasked (pid 2703115 · .cotal/manager.pid) · no action recommended
  ✓ P0-control: the manager row was FOUND in the rendered card (an empty extract passes every absence check)
  ✓ ALIVE: an unrelated live pid is NEVER claimed running (no ✓ on the row)
  ✓ ALIVE: the row names its SOURCE — the pid and the pidfile it came from
  ✓ ALIVE: the row does not claim serving, and says which condition stopped it
  ✓ ALIVE: the row offers NO start hint over a live process
  ✓ P0-bound: the extract reached the END of the wrapped row, not just its first line
  ✓ ALIVE: the row does not repeat itself (no duplicated 'is present')
  ✓ ALIVE: with no recorded instance, the row does NOT claim a manager failed to answer
  ✓ DEAD-precondition: the planted pid is PROVEN gone by ESRCH, not merely unsignalable
    dead| ○ manager not running · no local process and no manager recorded for this root · start: cotal up, or: cotal supervise
  ✓ DEAD: a record whose pid is gone renders `not running`
  ✓ DEAD: the start hint is EARNED here
  ✓ DEAD: no ✓
    absent| ○ manager not running · no local process and no manager recorded for this root · start: cotal up, or: cotal supervise
  ✓ ABSENT: no pidfile renders `not running`
  ✓ ABSENT: the start hint is earned here too
    unattributable| ? manager cannot establish: the pid record does not hold a pid, and no manager instance is recorded for this root, so no health read was attempted — that record may front a live process nobody can identify (.cotal/manager.pid) · no action recommended
  ✓ UNATTRIBUTABLE: the row says it CANNOT ESTABLISH, not `unknown`
  ✓ UNATTRIBUTABLE: it names WHICH condition failed
  ✓ UNATTRIBUTABLE: NO start hint — that record may front a process nobody can identify
  ✓ UNATTRIBUTABLE: no ✓
  ✓ UNATTRIBUTABLE: it is NOT rendered as `not running` — absent and unreadable are different facts
  ✓ CARDINALITY: all 4 states rendered a row (saw 4)
  ✓ HERMETIC: the run's HOME-rooted state landed in the SCRATCH home (.agents, created by the run)
  ✓ HERMETIC: the run's COTAL_HOME-rooted state landed there too (onboarded.json — a separate redirection)
  ✓ HERMETIC: the OPERATOR's real home is byte-for-byte unchanged across every run above
  ✓ HERMETIC-control: the same comparator DOES report a change for the scratch home (else invariance is vacuous)
  ✓ HERMETIC: the project state landed in the scratch project root

ready-card: 26 passed, 0 failed
