
shard-status — no broker, no network; only /home/david/Cotal-wt-fm-health/bin/smoke/shard.mjs and a pnpm shim (not broker.cotal.ai)

shard 0/74 selects 3 members:
    pnpm smoke:dist-freshness
    pnpm smoke:session-cap
    pnpm smoke:join-target
  ✓ rig: the shard selects exactly 3 members to reason about

ARM 1 — all members pass
  ✓ A1.1 rc is 0
  ✓ A1.2 summary says passed
  ✓ A1.3 no member reported DECLINED
  ✓ A1.4 summary exposes counts at all
  ✓ A1.5 measured === declared (3 of 3)
  ✓ A1.6 RECONCILES: declared === measured + declined
  ✓ A1.7 all 3 members actually ran (not skipped by the rig)

ARM 2 — one member DECLINES (the defect's exact shape)
  ✓ A2.1 rc is 3 (DECLINED), distinct from both 0 and 1
  ✓ A2.2 the word 'passed' does NOT appear
  ✓ A2.3 summary says INCOMPLETE
  ✓ A2.4 the declining member is NAMED in the summary
  ✓ A2.5 output states it is not a pass
  ✓ A2.6 measured is 2, NOT 3
  ✓ A2.7 declined is 1, NOT 0
  ✓ A2.8 declared is still 3
  ✓ A2.9 RECONCILES: declared === measured + declined
  ✓ A2.10 all 3 members were still invoked

ARM 3 — every member declines (a shard that measured NOTHING)
  ✓ A3.1 rc is 3, not 0
  ✓ A3.2 the word 'passed' does NOT appear
  ✓ A3.3 measured is 0
  ✓ A3.4 declined is 3
  ✓ A3.5 RECONCILES: 3 === 0 + 3

ARM 4 — a real failure is unchanged by the third status
  ✓ A4.1 rc is 1, distinct from 3
  ✓ A4.2 summary says FAILED at that member
  ✓ A4.3 the word 'passed' does NOT appear
  ✓ A4.4 a failure is NOT reported as a decline

cells: declared 27, executed 27, pass 27, fail 0

shard-status: 27 passed, 0 failed
