scrubbing:  -u COTAL_ID -u COTAL_ROLE -u COTAL_CHANNEL -u COTAL_ALLOW_PUBLISH -u COTAL_LIFECYCLE_UID -u COTAL_CONTROL_SOCKET -u COTAL_SERVERS -u COTAL_AGENT_FILE -u COTAL_SUBSCRIBE -u COTAL_CONTROL_TOKEN -u COTAL_SPACE -u COTAL_CAPABILITIES -u COTAL_NAME -u COTAL_CREDS -u COTAL_MODEL -u COTAL_ALLOW_SUBSCRIBE
COTAL_ vars remaining: 0
v22.23.2
/home/david/.local/bin/nats-server
$ tsx implementations/delivery/smoke/delivery-health-live.smoke.ts

delivery-health live — ephemeral broker nats://127.0.0.1:38673 (asserted not broker.cotal.ai)

  ✓ control: a real daemon comes up and its lease reads ready
  ✓ control: with the daemon live, health is SERVING (this validates the probe itself)
  ✓ control: the pid recorded at creation exists
  ✓ control: the marker matcher SEES a live daemon — so a later zero from it means something
  ✓ daemon-gone: the leader's exit was OBSERVED, not inferred from a timeout
  ✓ daemon-gone: the whole process GROUP is confirmed absent
  ✓ daemon-gone: the daemon process is really gone
  ✓ daemon-gone: THE LEASE STILL READS ready:true THOUGH NO DAEMON EXISTS
  ✓ daemon-gone: and its heartbeat is still INSIDE the TTL, so an age check alone would also pass
  ✓ daemon-gone: the affirmative surface REFUSES
  ✓ daemon-gone: and it refuses as no-responder specifically
  ✓ daemon-gone: NOTHING RESTARTS IT — no daemon process returns while we watch
  ✓ daemon-gone: and the lease STILL reads ready across that whole window — nothing noticed either
  ✓ wedged setup: a replacement daemon binds and reads ready
  ✓ WEDGED: the pid EXISTS — a supervisor checking for a process would pass it
  ✓ WEDGED: the lease STILL reads ready:true
  ✓ WEDGED: its heartbeat is still inside the TTL
  ✓ WEDGED: yet the affirmative surface REFUSES — the round-trip is what caught it
  ✓ WEDGED: and it refuses as no-responder specifically
  ✓ WEDGED inverse control: SIGCONT restores SERVING — it was stuck, not dead

DELIVERY-HEALTH-LIVE SMOKE OK ✅  (20 passed, 0 failed)
